Output suffix: writing to cal_size_sweep_ext.csv
Loading + engineering PhysioMio...
  Adding temporal features …
  Adding cross-channel features …
  Adding temporal features on interaction columns …
  Adding rank-percentile features …
  Adding within-trial position …
  Per-participant z-score normalisation …
  Per-participant-session normalisation …
  shape: (307439, 378)
Loading GrabMyo cache...
  GrabMyo full: 1,138,683 windows × 370 features
  GrabMyo subsample: 299,998 windows  (class balance: {0: 23076, 1: 115384, 2: 161538})

Patients (n=48): ['patient1', 'patient2', 'patient3', 'patient4', 'patient5', 'patient6', 'patient7', 'patient8']...
Cal sizes: [4, 5, 9, 18]
Total fits: 48 × 4 × 2 arms = 384
Estimated wall time: ~83 min (GrabMyo+cal arm dominates)

  cal= 4 pat= 1/48 patient1    same: PO=0.726 GM=0.803  next: PO=0.850 GM=0.510  [2.4min, eta 453min]
  cal= 4 pat= 2/48 patient2    same: PO=0.812 GM=0.863  next: PO=0.851 GM=0.697  [3.9min, eta 369min]
  cal= 4 pat= 3/48 patient3    same: PO=0.692 GM=0.761  next: PO=0.905 GM=0.371  [5.4min, eta 342min]
  cal= 4 pat= 4/48 patient4    same: PO=0.650 GM=0.769  next: PO=0.629 GM=0.372  [6.9min, eta 326min]
  cal= 4 pat= 5/48 patient5    same: PO=0.650 GM=0.607  next: PO=0.627 GM=0.536  [8.5min, eta 318min]
  cal= 4 pat= 6/48 patient6    same: PO=0.436 GM=0.863  next: PO=0.829 GM=0.528  [10.0min, eta 311min]
  cal= 4 pat= 7/48 patient7    same: PO=0.718 GM=0.744  next: PO=0.879 GM=0.435  [11.7min, eta 308min]
  cal= 4 pat= 8/48 patient8    same: PO=0.880 GM=0.795  next: PO=0.876 GM=0.460  [13.2min, eta 303min]
  cal= 4 pat= 9/48 patient9    same: PO=0.735 GM=0.829  next: PO=0.784 GM=0.604  [14.7min, eta 300min]
  cal= 4 pat=10/48 patient10   same: PO=0.632 GM=0.607  next: PO=0.834 GM=0.404  [16.3min, eta 296min]
  cal= 4 pat=11/48 patient11   same: PO=0.692 GM=0.658  next: PO=0.826 GM=0.454  [17.8min, eta 293min]
  cal= 4 pat=12/48 patient12   same: PO=0.795 GM=0.855  next: PO=0.912 GM=0.860  [19.4min, eta 290min]
  cal= 4 pat=13/48 patient13   same: PO=0.983 GM=0.872  next: PO=0.763 GM=0.297  [20.9min, eta 288min]
  cal= 4 pat=14/48 patient14   same: PO=0.504 GM=0.641  next: PO=0.808 GM=0.779  [22.5min, eta 286min]
  cal= 4 pat=15/48 patient15   same: PO=0.829 GM=0.940  next: PO=— GM=—  [24.1min, eta 285min]
  cal= 4 pat=16/48 patient16   same: PO=0.932 GM=0.752  next: PO=0.890 GM=0.859  [25.8min, eta 283min]
  cal= 4 pat=17/48 patient17   same: PO=0.675 GM=0.581  next: PO=0.891 GM=0.442  [27.4min, eta 282min]
  cal= 4 pat=18/48 patient18   same: PO=0.795 GM=0.778  next: PO=0.700 GM=0.613  [29.0min, eta 280min]
  cal= 4 pat=19/48 patient19   same: PO=0.624 GM=0.846  next: PO=0.728 GM=0.710  [30.6min, eta 278min]
  cal= 4 pat=20/48 patient20   same: PO=0.581 GM=0.726  next: PO=0.843 GM=0.677  [32.2min, eta 277min]
  cal= 4 pat=21/48 patient21   same: PO=0.838 GM=0.906  next: PO=0.136 GM=0.214  [33.8min, eta 275min]
  cal= 4 pat=22/48 patient22   same: PO=0.838 GM=0.889  next: PO=0.921 GM=0.511  [35.3min, eta 273min]
  cal= 4 pat=23/48 patient23   same: PO=0.709 GM=0.726  next: PO=0.844 GM=0.705  [36.9min, eta 271min]
  cal= 4 pat=24/48 patient24   same: PO=0.829 GM=0.453  next: PO=0.833 GM=0.790  [38.5min, eta 269min]
  cal= 4 pat=25/48 patient25   same: PO=0.444 GM=0.641  next: PO=0.909 GM=0.705  [40.1min, eta 268min]
  cal= 4 pat=26/48 patient26   same: PO=0.650 GM=0.684  next: PO=0.783 GM=0.747  [41.7min, eta 266min]
  cal= 4 pat=27/48 patient27   same: PO=0.470 GM=0.718  next: PO=0.815 GM=0.620  [43.2min, eta 264min]
  cal= 4 pat=28/48 patient28   same: PO=0.829 GM=0.769  next: PO=0.909 GM=0.851  [44.8min, eta 263min]
  cal= 4 pat=29/48 patient29   same: PO=0.718 GM=0.547  next: PO=0.840 GM=0.568  [46.5min, eta 261min]
  cal= 4 pat=30/48 patient30   same: PO=0.872 GM=0.761  next: PO=0.859 GM=0.387  [48.1min, eta 260min]
  cal= 4 pat=31/48 patient31   same: PO=0.504 GM=0.735  next: PO=0.794 GM=0.922  [49.7min, eta 258min]
  cal= 4 pat=32/48 patient32   same: PO=0.675 GM=0.692  next: PO=0.874 GM=0.845  [51.4min, eta 257min]
  cal= 4 pat=33/48 patient33   same: PO=0.615 GM=0.701  next: PO=0.786 GM=0.493  [53.0min, eta 256min]
  cal= 4 pat=34/48 patient34   same: PO=0.718 GM=0.821  next: PO=0.926 GM=0.484  [54.7min, eta 254min]
  cal= 4 pat=35/48 patient35   same: PO=0.538 GM=0.658  next: PO=0.750 GM=0.426  [56.4min, eta 253min]
  cal= 4 pat=36/48 patient36   same: PO=0.641 GM=0.684  next: PO=0.808 GM=0.548  [58.1min, eta 252min]
  cal= 4 pat=37/48 patient37   same: PO=0.923 GM=0.889  next: PO=0.791 GM=0.443  [59.6min, eta 250min]
  cal= 4 pat=38/48 patient38   same: PO=0.718 GM=0.521  next: PO=0.803 GM=0.437  [61.2min, eta 248min]
  cal= 4 pat=39/48 patient39   same: PO=0.667 GM=0.658  next: PO=0.870 GM=0.699  [62.8min, eta 246min]
  cal= 4 pat=40/48 patient40   same: PO=0.701 GM=0.786  next: PO=0.888 GM=0.834  [64.4min, eta 245min]
  cal= 4 pat=41/48 patient41   same: PO=0.632 GM=0.598  next: PO=0.821 GM=0.788  [65.9min, eta 243min]
  cal= 4 pat=42/48 patient42   same: PO=0.838 GM=0.855  next: PO=0.862 GM=0.598  [67.5min, eta 241min]
  cal= 4 pat=43/48 patient43   same: PO=0.632 GM=0.650  next: PO=0.927 GM=0.767  [68.8min, eta 238min]
  cal= 4 pat=44/48 patient44   same: PO=0.974 GM=0.778  next: PO=0.926 GM=0.396  [70.3min, eta 236min]
  cal= 4 pat=45/48 patient45   same: PO=0.624 GM=0.795  next: PO=0.880 GM=0.851  [71.9min, eta 235min]
  cal= 4 pat=46/48 patient46   same: PO=0.735 GM=0.752  next: PO=0.885 GM=0.541  [73.4min, eta 233min]
  cal= 4 pat=47/48 patient47   same: PO=0.897 GM=0.821  next: PO=0.843 GM=0.368  [75.0min, eta 231min]
  cal= 4 pat=48/48 patient48   same: PO=0.658 GM=0.795  next: PO=— GM=—  [76.6min, eta 230min]
  cal= 5 pat= 1/48 patient1    same: PO=0.735 GM=0.803  next: PO=0.916 GM=0.564  [78.2min, eta 228min]
  cal= 5 pat= 2/48 patient2    same: PO=0.846 GM=0.897  next: PO=0.868 GM=0.722  [79.8min, eta 227min]
  cal= 5 pat= 3/48 patient3    same: PO=0.684 GM=0.692  next: PO=0.897 GM=0.397  [81.4min, eta 225min]
  cal= 5 pat= 4/48 patient4    same: PO=0.684 GM=0.821  next: PO=0.618 GM=0.314  [83.0min, eta 224min]
  cal= 5 pat= 5/48 patient5    same: PO=0.598 GM=0.581  next: PO=0.685 GM=0.568  [84.7min, eta 222min]
  cal= 5 pat= 6/48 patient6    same: PO=0.564 GM=0.872  next: PO=0.896 GM=0.581  [86.3min, eta 221min]
  cal= 5 pat= 7/48 patient7    same: PO=0.709 GM=0.778  next: PO=0.866 GM=0.511  [87.9min, eta 219min]
  cal= 5 pat= 8/48 patient8    same: PO=0.983 GM=0.855  next: PO=0.816 GM=0.559  [89.4min, eta 217min]
  cal= 5 pat= 9/48 patient9    same: PO=0.880 GM=0.855  next: PO=0.799 GM=0.719  [91.0min, eta 216min]
  cal= 5 pat=10/48 patient10   same: PO=0.692 GM=0.658  next: PO=0.844 GM=0.454  [92.6min, eta 214min]
  cal= 5 pat=11/48 patient11   same: PO=0.735 GM=0.778  next: PO=0.829 GM=0.576  [94.0min, eta 212min]
  cal= 5 pat=12/48 patient12   same: PO=0.880 GM=0.846  next: PO=0.913 GM=0.875  [95.4min, eta 210min]
  cal= 5 pat=13/48 patient13   same: PO=0.915 GM=0.932  next: PO=0.778 GM=0.327  [96.8min, eta 208min]
  cal= 5 pat=14/48 patient14   same: PO=0.504 GM=0.667  next: PO=0.840 GM=0.782  [98.2min, eta 206min]
  cal= 5 pat=15/48 patient15   same: PO=0.769 GM=0.897  next: PO=— GM=—  [99.6min, eta 204min]
  cal= 5 pat=16/48 patient16   same: PO=0.897 GM=0.718  next: PO=0.892 GM=0.905  [101.2min, eta 202min]
  cal= 5 pat=17/48 patient17   same: PO=0.778 GM=0.530  next: PO=0.908 GM=0.439  [102.8min, eta 201min]
  cal= 5 pat=18/48 patient18   same: PO=0.829 GM=0.872  next: PO=0.780 GM=0.644  [104.4min, eta 199min]
  cal= 5 pat=19/48 patient19   same: PO=0.359 GM=0.846  next: PO=0.748 GM=0.721  [106.0min, eta 198min]
  cal= 5 pat=20/48 patient20   same: PO=0.650 GM=0.701  next: PO=0.841 GM=0.703  [107.6min, eta 196min]
  cal= 5 pat=21/48 patient21   same: PO=0.855 GM=0.872  next: PO=0.297 GM=0.265  [109.1min, eta 194min]
  cal= 5 pat=22/48 patient22   same: PO=0.880 GM=0.897  next: PO=0.869 GM=0.556  [110.7min, eta 193min]
  cal= 5 pat=23/48 patient23   same: PO=0.923 GM=0.744  next: PO=0.884 GM=0.768  [112.3min, eta 191min]
  cal= 5 pat=24/48 patient24   same: PO=0.906 GM=0.444  next: PO=0.827 GM=0.793  [113.8min, eta 190min]
  cal= 5 pat=25/48 patient25   same: PO=0.436 GM=0.650  next: PO=0.886 GM=0.761  [115.4min, eta 188min]
  cal= 5 pat=26/48 patient26   same: PO=0.726 GM=0.632  next: PO=0.739 GM=0.781  [117.0min, eta 187min]
  cal= 5 pat=27/48 patient27   same: PO=0.359 GM=0.812  next: PO=0.815 GM=0.653  [118.5min, eta 185min]
  cal= 5 pat=28/48 patient28   same: PO=0.761 GM=0.752  next: PO=0.846 GM=0.888  [120.1min, eta 183min]
  cal= 5 pat=29/48 patient29   same: PO=0.829 GM=0.735  next: PO=0.873 GM=0.616  [121.5min, eta 181min]
  cal= 5 pat=30/48 patient30   same: PO=0.863 GM=0.701  next: PO=0.862 GM=0.416  [122.8min, eta 180min]
  cal= 5 pat=31/48 patient31   same: PO=0.547 GM=0.744  next: PO=0.855 GM=0.918  [124.2min, eta 178min]
  cal= 5 pat=32/48 patient32   same: PO=0.744 GM=0.718  next: PO=0.816 GM=0.824  [125.6min, eta 176min]
  cal= 5 pat=33/48 patient33   same: PO=0.564 GM=0.735  next: PO=0.765 GM=0.550  [127.0min, eta 174min]
  cal= 5 pat=34/48 patient34   same: PO=0.786 GM=0.855  next: PO=0.866 GM=0.576  [128.4min, eta 172min]
  cal= 5 pat=35/48 patient35   same: PO=0.590 GM=0.641  next: PO=0.762 GM=0.485  [129.8min, eta 170min]
  cal= 5 pat=36/48 patient36   same: PO=0.709 GM=0.632  next: PO=0.821 GM=0.604  [131.3min, eta 169min]
  cal= 5 pat=37/48 patient37   same: PO=0.889 GM=0.932  next: PO=0.844 GM=0.450  [132.8min, eta 167min]
  cal= 5 pat=38/48 patient38   same: PO=0.667 GM=0.598  next: PO=0.813 GM=0.530  [134.4min, eta 166min]
  cal= 5 pat=39/48 patient39   same: PO=0.744 GM=0.701  next: PO=0.917 GM=0.702  [136.0min, eta 164min]
  cal= 5 pat=40/48 patient40   same: PO=0.726 GM=0.880  next: PO=0.893 GM=0.871  [137.5min, eta 162min]
  cal= 5 pat=41/48 patient41   same: PO=0.624 GM=0.658  next: PO=0.835 GM=0.833  [139.1min, eta 161min]
  cal= 5 pat=42/48 patient42   same: PO=0.983 GM=0.889  next: PO=0.826 GM=0.651  [140.7min, eta 159min]
  cal= 5 pat=43/48 patient43   same: PO=0.744 GM=0.658  next: PO=0.942 GM=0.811  [142.3min, eta 158min]
  cal= 5 pat=44/48 patient44   same: PO=0.949 GM=0.744  next: PO=0.929 GM=0.437  [143.9min, eta 156min]
  cal= 5 pat=45/48 patient45   same: PO=0.761 GM=0.803  next: PO=0.880 GM=0.884  [145.5min, eta 155min]
  cal= 5 pat=46/48 patient46   same: PO=0.752 GM=0.795  next: PO=0.798 GM=0.554  [147.1min, eta 153min]
  cal= 5 pat=47/48 patient47   same: PO=0.915 GM=0.897  next: PO=0.850 GM=0.435  [148.7min, eta 152min]
  cal= 5 pat=48/48 patient48   same: PO=0.684 GM=0.701  next: PO=— GM=—  [150.3min, eta 150min]
  cal= 9 pat= 1/48 patient1    same: PO=0.769 GM=0.863  next: PO=0.922 GM=0.674  [151.9min, eta 149min]
  cal= 9 pat= 2/48 patient2    same: PO=0.906 GM=0.838  next: PO=0.832 GM=0.774  [153.5min, eta 147min]
  cal= 9 pat= 3/48 patient3    same: PO=0.829 GM=0.624  next: PO=0.897 GM=0.567  [155.1min, eta 146min]
  cal= 9 pat= 4/48 patient4    same: PO=0.709 GM=0.761  next: PO=0.149 GM=0.362  [156.7min, eta 144min]
  cal= 9 pat= 5/48 patient5    same: PO=0.735 GM=0.701  next: PO=0.808 GM=0.627  [158.4min, eta 143min]
  cal= 9 pat= 6/48 patient6    same: PO=0.650 GM=0.872  next: PO=0.882 GM=0.647  [160.0min, eta 141min]
  cal= 9 pat= 7/48 patient7    same: PO=0.855 GM=0.795  next: PO=0.891 GM=0.631  [161.7min, eta 140min]
  cal= 9 pat= 8/48 patient8    same: PO=0.983 GM=0.966  next: PO=0.813 GM=0.690  [163.4min, eta 138min]
  cal= 9 pat= 9/48 patient9    same: PO=0.889 GM=0.932  next: PO=0.782 GM=0.778  [165.0min, eta 137min]
  cal= 9 pat=10/48 patient10   same: PO=0.624 GM=0.718  next: PO=0.855 GM=0.601  [166.6min, eta 135min]
  cal= 9 pat=11/48 patient11   same: PO=0.778 GM=0.786  next: PO=0.882 GM=0.675  [168.2min, eta 134min]
  cal= 9 pat=12/48 patient12   same: PO=0.966 GM=0.786  next: PO=0.909 GM=0.905  [169.8min, eta 132min]
  cal= 9 pat=13/48 patient13   same: PO=0.974 GM=0.974  next: PO=0.781 GM=0.378  [171.5min, eta 131min]
  cal= 9 pat=14/48 patient14   same: PO=0.778 GM=0.726  next: PO=0.830 GM=0.799  [173.1min, eta 129min]
  cal= 9 pat=15/48 patient15   same: PO=0.906 GM=0.974  next: PO=— GM=—  [174.7min, eta 127min]
  cal= 9 pat=16/48 patient16   same: PO=0.991 GM=0.966  next: PO=0.934 GM=0.940  [176.3min, eta 126min]
  cal= 9 pat=17/48 patient17   same: PO=0.752 GM=0.744  next: PO=0.857 GM=0.546  [177.9min, eta 124min]
  cal= 9 pat=18/48 patient18   same: PO=0.769 GM=0.872  next: PO=0.818 GM=0.702  [179.5min, eta 123min]
  cal= 9 pat=19/48 patient19   same: PO=0.641 GM=0.786  next: PO=0.812 GM=0.780  [181.1min, eta 121min]
  cal= 9 pat=20/48 patient20   same: PO=0.667 GM=0.744  next: PO=0.877 GM=0.763  [182.7min, eta 120min]
  cal= 9 pat=21/48 patient21   same: PO=0.863 GM=0.863  next: PO=0.499 GM=0.285  [184.3min, eta 118min]
  cal= 9 pat=22/48 patient22   same: PO=0.821 GM=0.940  next: PO=0.931 GM=0.659  [185.9min, eta 117min]
  cal= 9 pat=23/48 patient23   same: PO=0.932 GM=0.906  next: PO=0.925 GM=0.913  [187.5min, eta 115min]
  cal= 9 pat=24/48 patient24   same: PO=0.940 GM=0.667  next: PO=0.838 GM=0.793  [189.1min, eta 113min]
  cal= 9 pat=25/48 patient25   same: PO=0.709 GM=0.650  next: PO=0.913 GM=0.810  [190.5min, eta 112min]
  cal= 9 pat=26/48 patient26   same: PO=0.735 GM=0.675  next: PO=0.439 GM=0.837  [191.9min, eta 110min]
  cal= 9 pat=27/48 patient27   same: PO=0.598 GM=0.923  next: PO=0.849 GM=0.801  [193.4min, eta 108min]
  cal= 9 pat=28/48 patient28   same: PO=0.855 GM=0.855  next: PO=0.877 GM=0.889  [194.9min, eta 107min]
  cal= 9 pat=29/48 patient29   same: PO=0.872 GM=0.701  next: PO=0.902 GM=0.733  [196.3min, eta 105min]
  cal= 9 pat=30/48 patient30   same: PO=0.940 GM=0.786  next: PO=0.733 GM=0.491  [197.8min, eta 104min]
  cal= 9 pat=31/48 patient31   same: PO=0.744 GM=0.855  next: PO=0.847 GM=0.903  [199.3min, eta 102min]
  cal= 9 pat=32/48 patient32   same: PO=0.718 GM=0.735  next: PO=0.857 GM=0.840  [200.9min, eta 100min]
  cal= 9 pat=33/48 patient33   same: PO=0.667 GM=0.658  next: PO=0.806 GM=0.644  [202.5min, eta 99min]
  cal= 9 pat=34/48 patient34   same: PO=0.726 GM=0.915  next: PO=0.916 GM=0.713  [204.0min, eta 97min]
  cal= 9 pat=35/48 patient35   same: PO=0.658 GM=0.709  next: PO=0.853 GM=0.677  [205.6min, eta 96min]
  cal= 9 pat=36/48 patient36   same: PO=0.650 GM=0.641  next: PO=0.808 GM=0.706  [207.2min, eta 94min]
  cal= 9 pat=37/48 patient37   same: PO=1.000 GM=0.957  next: PO=0.765 GM=0.554  [208.7min, eta 93min]
  cal= 9 pat=38/48 patient38   same: PO=0.786 GM=0.718  next: PO=0.865 GM=0.630  [210.3min, eta 91min]
  cal= 9 pat=39/48 patient39   same: PO=0.795 GM=0.778  next: PO=0.933 GM=0.781  [211.9min, eta 89min]
  cal= 9 pat=40/48 patient40   same: PO=0.821 GM=0.838  next: PO=0.872 GM=0.941  [213.4min, eta 88min]
  cal= 9 pat=41/48 patient41   same: PO=0.624 GM=0.769  next: PO=0.853 GM=0.833  [215.0min, eta 86min]
  cal= 9 pat=42/48 patient42   same: PO=1.000 GM=0.949  next: PO=0.843 GM=0.714  [216.5min, eta 85min]
  cal= 9 pat=43/48 patient43   same: PO=0.906 GM=0.821  next: PO=0.895 GM=0.890  [218.1min, eta 83min]
  cal= 9 pat=44/48 patient44   same: PO=0.872 GM=0.855  next: PO=0.941 GM=0.591  [219.6min, eta 82min]
  cal= 9 pat=45/48 patient45   same: PO=0.855 GM=0.821  next: PO=0.846 GM=0.877  [221.2min, eta 80min]
  cal= 9 pat=46/48 patient46   same: PO=0.701 GM=0.897  next: PO=0.833 GM=0.654  [222.8min, eta 78min]
  cal= 9 pat=47/48 patient47   same: PO=0.923 GM=0.923  next: PO=0.900 GM=0.565  [224.3min, eta 77min]
  cal= 9 pat=48/48 patient48   same: PO=0.667 GM=0.709  next: PO=— GM=—  [225.8min, eta 75min]
  cal=18 pat= 1/48 patient1    same: PO=0.846 GM=0.880  next: PO=0.929 GM=0.790  [227.4min, eta 74min]
  cal=18 pat= 2/48 patient2    same: PO=0.778 GM=0.761  next: PO=0.803 GM=0.786  [229.0min, eta 72min]
  cal=18 pat= 3/48 patient3    same: PO=0.692 GM=0.624  next: PO=0.873 GM=0.701  [230.5min, eta 71min]
  cal=18 pat= 4/48 patient4    same: PO=0.803 GM=0.906  next: PO=0.563 GM=0.482  [232.1min, eta 69min]
  cal=18 pat= 5/48 patient5    same: PO=0.684 GM=0.786  next: PO=0.608 GM=0.645  [233.6min, eta 67min]
  cal=18 pat= 6/48 patient6    same: PO=0.667 GM=0.846  next: PO=0.913 GM=0.716  [235.2min, eta 66min]
  cal=18 pat= 7/48 patient7    same: PO=0.880 GM=0.855  next: PO=0.910 GM=0.785  [236.9min, eta 64min]
  cal=18 pat= 8/48 patient8    same: PO=1.000 GM=0.991  next: PO=0.825 GM=0.868  [238.5min, eta 63min]
  cal=18 pat= 9/48 patient9    same: PO=0.923 GM=0.983  next: PO=0.900 GM=0.880  [240.1min, eta 61min]
  cal=18 pat=10/48 patient10   same: PO=0.709 GM=0.624  next: PO=0.905 GM=0.745  [241.7min, eta 60min]
  cal=18 pat=11/48 patient11   same: PO=0.821 GM=0.726  next: PO=0.948 GM=0.731  [243.2min, eta 58min]
  cal=18 pat=12/48 patient12   same: PO=0.991 GM=0.855  next: PO=0.885 GM=0.927  [244.9min, eta 57min]
  cal=18 pat=13/48 patient13   same: PO=1.000 GM=0.991  next: PO=0.486 GM=0.405  [246.6min, eta 55min]
  cal=18 pat=14/48 patient14   same: PO=0.718 GM=0.701  next: PO=0.891 GM=0.856  [248.3min, eta 53min]
  cal=18 pat=15/48 patient15   same: PO=0.974 GM=0.991  next: PO=— GM=—  [250.0min, eta 52min]
  cal=18 pat=16/48 patient16   same: PO=0.983 GM=0.940  next: PO=0.929 GM=0.975  [251.8min, eta 50min]
  cal=18 pat=17/48 patient17   same: PO=0.966 GM=0.855  next: PO=0.846 GM=0.647  [253.6min, eta 49min]
  cal=18 pat=18/48 patient18   same: PO=0.803 GM=0.829  next: PO=0.791 GM=0.798  [255.3min, eta 47min]
  cal=18 pat=19/48 patient19   same: PO=0.709 GM=0.829  next: PO=0.655 GM=0.841  [257.0min, eta 46min]
  cal=18 pat=20/48 patient20   same: PO=0.795 GM=0.880  next: PO=0.882 GM=0.801  [258.7min, eta 44min]
  cal=18 pat=21/48 patient21   same: PO=0.872 GM=0.915  next: PO=0.377 GM=0.349  [260.6min, eta 43min]
  cal=18 pat=22/48 patient22   same: PO=0.949 GM=0.966  next: PO=0.974 GM=0.771  [262.4min, eta 41min]
  cal=18 pat=23/48 patient23   same: PO=0.991 GM=0.974  next: PO=0.944 GM=0.947  [264.1min, eta 40min]
  cal=18 pat=24/48 patient24   same: PO=0.855 GM=0.821  next: PO=0.829 GM=0.814  [265.9min, eta 38min]
  cal=18 pat=25/48 patient25   same: PO=0.726 GM=0.667  next: PO=0.885 GM=0.848  [267.6min, eta 36min]
  cal=18 pat=26/48 patient26   same: PO=0.889 GM=0.846  next: PO=0.678 GM=0.837  [269.3min, eta 35min]
  cal=18 pat=27/48 patient27   same: PO=0.872 GM=0.940  next: PO=0.925 GM=0.853  [271.0min, eta 33min]
  cal=18 pat=28/48 patient28   same: PO=0.983 GM=0.957  next: PO=0.891 GM=0.902  [272.8min, eta 32min]
  cal=18 pat=29/48 patient29   same: PO=0.778 GM=0.906  next: PO=0.893 GM=0.869  [274.5min, eta 30min]
  cal=18 pat=30/48 patient30   same: PO=0.846 GM=0.915  next: PO=0.812 GM=0.560  [276.2min, eta 29min]
  cal=18 pat=31/48 patient31   same: PO=0.846 GM=0.897  next: PO=0.921 GM=0.899  [277.9min, eta 27min]
  cal=18 pat=32/48 patient32   same: PO=0.803 GM=0.752  next: PO=0.859 GM=0.847  [279.7min, eta 25min]
  cal=18 pat=33/48 patient33   same: PO=0.778 GM=0.718  next: PO=0.868 GM=0.791  [281.4min, eta 24min]
  cal=18 pat=34/48 patient34   same: PO=0.940 GM=0.949  next: PO=0.891 GM=0.767  [283.1min, eta 22min]
  cal=18 pat=35/48 patient35   same: PO=0.786 GM=0.726  next: PO=0.858 GM=0.839  [284.8min, eta 21min]
  cal=18 pat=36/48 patient36   same: PO=0.735 GM=0.658  next: PO=0.847 GM=0.679  [286.6min, eta 19min]
  cal=18 pat=37/48 patient37   same: PO=0.983 GM=0.974  next: PO=0.864 GM=0.638  [288.3min, eta 18min]
  cal=18 pat=38/48 patient38   same: PO=0.880 GM=0.761  next: PO=0.893 GM=0.693  [290.0min, eta 16min]
  cal=18 pat=39/48 patient39   same: PO=0.880 GM=0.838  next: PO=0.935 GM=0.892  [291.8min, eta 14min]
  cal=18 pat=40/48 patient40   same: PO=0.821 GM=0.855  next: PO=0.971 GM=0.964  [293.5min, eta 13min]
  cal=18 pat=41/48 patient41   same: PO=0.581 GM=0.632  next: PO=0.788 GM=0.849  [295.1min, eta 11min]
  cal=18 pat=42/48 patient42   same: PO=1.000 GM=0.966  next: PO=0.802 GM=0.745  [296.9min, eta 10min]
  cal=18 pat=43/48 patient43   same: PO=0.957 GM=0.983  next: PO=0.986 GM=0.870  [298.6min, eta 8min]
  cal=18 pat=44/48 patient44   same: PO=1.000 GM=0.880  next: PO=0.928 GM=0.728  [300.3min, eta 6min]
  cal=18 pat=45/48 patient45   same: PO=0.915 GM=0.906  next: PO=0.902 GM=0.859  [302.0min, eta 5min]
  cal=18 pat=46/48 patient46   same: PO=0.761 GM=0.872  next: PO=0.899 GM=0.723  [303.7min, eta 3min]
  cal=18 pat=47/48 patient47   same: PO=0.983 GM=0.957  next: PO=0.901 GM=0.793  [304.4min, eta 2min]
  cal=18 pat=48/48 patient48   same: PO=0.915 GM=0.838  next: PO=— GM=—  [305.1min, eta 0min]
2026-05-29 00:04:08.174 Python[25165:1407745] ApplePersistenceIgnoreState: Existing state will not be touched. New state will be written to /var/folders/pq/d0bzzh8s2pv26dxwmj0z5jx80000gn/T/org.python.python.savedState

Wrote /Users/anshshetty/Library/Mobile Documents/com~apple~CloudDocs/ExoHand/analysis/physiomio/results/cal_size_sweep_ext.csv  rows=384
Wrote /Users/anshshetty/Library/Mobile Documents/com~apple~CloudDocs/ExoHand/analysis/physiomio/results/cal_size_sweep_summary_ext.md
Wrote /Users/anshshetty/Library/Mobile Documents/com~apple~CloudDocs/ExoHand/analysis/physiomio/results/cal_size_sweep_ext.png
