Loading + engineering PhysioMio...
  Adding temporal features …
  Adding cross-channel features …
  Adding temporal features on interaction columns …
  Adding rank-percentile features …
  Adding within-trial position …
  Per-participant z-score normalisation …
  Per-participant-session normalisation …
  shape: (307439, 378)
Loading GrabMyo cache...
  GrabMyo full: 1,138,683 windows × 370 features
  GrabMyo subsample: 299,998 windows  (class balance: {0: 23076, 1: 115384, 2: 161538})

Patients (n=48): ['patient1', 'patient2', 'patient3', 'patient4', 'patient5', 'patient6', 'patient7', 'patient8']...
Cal sizes: [3, 6, 12, 24, 36]
Total fits: 48 × 5 × 2 arms = 480
Estimated wall time: ~104 min (GrabMyo+cal arm dominates)

  cal= 3 pat= 1/48 patient1    same: PO=0.333 GM=0.786  next: PO=0.833 GM=0.438  [1.3min, eta 316min]
  cal= 3 pat= 2/48 patient2    same: PO=0.333 GM=0.838  next: PO=0.833 GM=0.590  [1.9min, eta 225min]
  cal= 3 pat= 3/48 patient3    same: PO=0.333 GM=0.726  next: PO=0.833 GM=0.319  [2.4min, eta 191min]
  cal= 3 pat= 4/48 patient4    same: PO=0.333 GM=0.795  next: PO=0.833 GM=0.321  [2.9min, eta 173min]
  cal= 3 pat= 5/48 patient5    same: PO=0.333 GM=0.624  next: PO=0.833 GM=0.560  [3.4min, eta 162min]
  cal= 3 pat= 6/48 patient6    same: PO=0.333 GM=0.821  next: PO=0.833 GM=0.505  [4.0min, eta 154min]
  cal= 3 pat= 7/48 patient7    same: PO=0.333 GM=0.752  next: PO=0.833 GM=0.394  [4.5min, eta 148min]
  cal= 3 pat= 8/48 patient8    same: PO=0.333 GM=0.692  next: PO=0.833 GM=0.361  [5.0min, eta 144min]
  cal= 3 pat= 9/48 patient9    same: PO=0.333 GM=0.795  next: PO=0.833 GM=0.455  [5.5min, eta 142min]
  cal= 3 pat=10/48 patient10   same: PO=0.333 GM=0.538  next: PO=0.833 GM=0.327  [6.1min, eta 140min]
  cal= 3 pat=11/48 patient11   same: PO=0.333 GM=0.590  next: PO=0.833 GM=0.334  [6.6min, eta 138min]
  cal= 3 pat=12/48 patient12   same: PO=0.333 GM=0.786  next: PO=0.833 GM=0.764  [7.2min, eta 136min]
  cal= 3 pat=13/48 patient13   same: PO=0.333 GM=0.821  next: PO=0.833 GM=0.264  [7.7min, eta 135min]
  cal= 3 pat=14/48 patient14   same: PO=0.333 GM=0.624  next: PO=0.833 GM=0.759  [8.3min, eta 135min]
  cal= 3 pat=15/48 patient15   same: PO=0.333 GM=0.897  next: PO=— GM=—  [8.9min, eta 134min]
  cal= 3 pat=16/48 patient16   same: PO=0.333 GM=0.675  next: PO=0.833 GM=0.750  [9.5min, eta 133min]
  cal= 3 pat=17/48 patient17   same: PO=0.333 GM=0.607  next: PO=0.833 GM=0.400  [10.1min, eta 133min]
  cal= 3 pat=18/48 patient18   same: PO=0.333 GM=0.752  next: PO=0.833 GM=0.473  [10.7min, eta 132min]
  cal= 3 pat=19/48 patient19   same: PO=0.333 GM=0.812  next: PO=0.833 GM=0.692  [11.3min, eta 131min]
  cal= 3 pat=20/48 patient20   same: PO=0.333 GM=0.701  next: PO=0.833 GM=0.621  [11.8min, eta 130min]
  cal= 3 pat=21/48 patient21   same: PO=0.333 GM=0.863  next: PO=0.826 GM=0.200  [12.4min, eta 129min]
  cal= 3 pat=22/48 patient22   same: PO=0.333 GM=0.855  next: PO=0.833 GM=0.449  [12.9min, eta 128min]
  cal= 3 pat=23/48 patient23   same: PO=0.333 GM=0.615  next: PO=0.833 GM=0.584  [13.5min, eta 127min]
  cal= 3 pat=24/48 patient24   same: PO=0.333 GM=0.487  next: PO=0.833 GM=0.779  [14.0min, eta 126min]
  cal= 3 pat=25/48 patient25   same: PO=0.333 GM=0.607  next: PO=0.833 GM=0.653  [14.6min, eta 125min]
  cal= 3 pat=26/48 patient26   same: PO=0.333 GM=0.735  next: PO=0.833 GM=0.745  [15.1min, eta 125min]
  cal= 3 pat=27/48 patient27   same: PO=0.333 GM=0.598  next: PO=0.833 GM=0.525  [15.7min, eta 124min]
  cal= 3 pat=28/48 patient28   same: PO=0.333 GM=0.701  next: PO=0.833 GM=0.821  [16.2min, eta 123min]
  cal= 3 pat=29/48 patient29   same: PO=0.333 GM=0.573  next: PO=0.833 GM=0.449  [16.8min, eta 122min]
  cal= 3 pat=30/48 patient30   same: PO=0.333 GM=0.761  next: PO=0.833 GM=0.395  [17.3min, eta 121min]
  cal= 3 pat=31/48 patient31   same: PO=0.333 GM=0.684  next: PO=0.833 GM=0.855  [17.8min, eta 120min]
  cal= 3 pat=32/48 patient32   same: PO=0.333 GM=0.701  next: PO=0.833 GM=0.802  [18.3min, eta 119min]
  cal= 3 pat=33/48 patient33   same: PO=0.333 GM=0.667  next: PO=0.833 GM=0.390  [18.8min, eta 118min]
  cal= 3 pat=34/48 patient34   same: PO=0.333 GM=0.829  next: PO=0.833 GM=0.472  [19.3min, eta 117min]
  cal= 3 pat=35/48 patient35   same: PO=0.333 GM=0.684  next: PO=0.833 GM=0.387  [19.9min, eta 116min]
  cal= 3 pat=36/48 patient36   same: PO=0.333 GM=0.709  next: PO=0.833 GM=0.513  [20.4min, eta 115min]
  cal= 3 pat=37/48 patient37   same: PO=0.333 GM=0.872  next: PO=0.833 GM=0.392  [20.9min, eta 115min]
  cal= 3 pat=38/48 patient38   same: PO=0.333 GM=0.470  next: PO=0.833 GM=0.396  [21.4min, eta 114min]
  cal= 3 pat=39/48 patient39   same: PO=0.333 GM=0.667  next: PO=0.833 GM=0.645  [21.9min, eta 113min]
  cal= 3 pat=40/48 patient40   same: PO=0.333 GM=0.744  next: PO=0.833 GM=0.726  [22.4min, eta 112min]
  cal= 3 pat=41/48 patient41   same: PO=0.333 GM=0.684  next: PO=0.833 GM=0.770  [22.9min, eta 111min]
  cal= 3 pat=42/48 patient42   same: PO=0.333 GM=0.855  next: PO=0.833 GM=0.551  [23.4min, eta 110min]
  cal= 3 pat=43/48 patient43   same: PO=0.333 GM=0.624  next: PO=0.833 GM=0.755  [23.8min, eta 109min]
  cal= 3 pat=44/48 patient44   same: PO=0.333 GM=0.744  next: PO=0.833 GM=0.354  [24.3min, eta 108min]
  cal= 3 pat=45/48 patient45   same: PO=0.333 GM=0.735  next: PO=0.833 GM=0.793  [24.8min, eta 108min]
  cal= 3 pat=46/48 patient46   same: PO=0.333 GM=0.709  next: PO=0.833 GM=0.488  [25.4min, eta 107min]
  cal= 3 pat=47/48 patient47   same: PO=0.333 GM=0.769  next: PO=0.833 GM=0.294  [25.9min, eta 106min]
  cal= 3 pat=48/48 patient48   same: PO=0.333 GM=0.769  next: PO=— GM=—  [26.6min, eta 106min]
  cal= 6 pat= 1/48 patient1    same: PO=0.752 GM=0.778  next: PO=0.902 GM=0.579  [27.3min, eta 107min]
  cal= 6 pat= 2/48 patient2    same: PO=0.880 GM=0.855  next: PO=0.882 GM=0.740  [28.1min, eta 107min]
  cal= 6 pat= 3/48 patient3    same: PO=0.761 GM=0.692  next: PO=0.892 GM=0.417  [28.8min, eta 107min]
  cal= 6 pat= 4/48 patient4    same: PO=0.872 GM=0.786  next: PO=0.323 GM=0.390  [29.5min, eta 107min]
  cal= 6 pat= 5/48 patient5    same: PO=0.658 GM=0.632  next: PO=0.756 GM=0.568  [30.2min, eta 107min]
  cal= 6 pat= 6/48 patient6    same: PO=0.632 GM=0.872  next: PO=0.878 GM=0.563  [31.0min, eta 107min]
  cal= 6 pat= 7/48 patient7    same: PO=0.786 GM=0.786  next: PO=0.879 GM=0.528  [31.7min, eta 107min]
  cal= 6 pat= 8/48 patient8    same: PO=0.991 GM=0.880  next: PO=0.803 GM=0.631  [32.4min, eta 106min]
  cal= 6 pat= 9/48 patient9    same: PO=0.906 GM=0.838  next: PO=0.806 GM=0.679  [33.1min, eta 106min]
  cal= 6 pat=10/48 patient10   same: PO=0.726 GM=0.667  next: PO=0.841 GM=0.516  [33.9min, eta 106min]
  cal= 6 pat=11/48 patient11   same: PO=0.812 GM=0.786  next: PO=0.875 GM=0.621  [34.6min, eta 106min]
  cal= 6 pat=12/48 patient12   same: PO=0.949 GM=0.803  next: PO=0.919 GM=0.887  [35.3min, eta 106min]
  cal= 6 pat=13/48 patient13   same: PO=0.915 GM=0.949  next: PO=0.793 GM=0.315  [36.0min, eta 106min]
  cal= 6 pat=14/48 patient14   same: PO=0.726 GM=0.641  next: PO=0.837 GM=0.795  [36.8min, eta 106min]
  cal= 6 pat=15/48 patient15   same: PO=0.966 GM=0.932  next: PO=— GM=—  [37.5min, eta 105min]
  cal= 6 pat=16/48 patient16   same: PO=0.940 GM=0.718  next: PO=0.896 GM=0.916  [38.3min, eta 105min]
  cal= 6 pat=17/48 patient17   same: PO=0.744 GM=0.615  next: PO=0.871 GM=0.478  [39.0min, eta 105min]
  cal= 6 pat=18/48 patient18   same: PO=0.846 GM=0.889  next: PO=0.787 GM=0.641  [39.7min, eta 105min]
  cal= 6 pat=19/48 patient19   same: PO=0.479 GM=0.863  next: PO=0.782 GM=0.756  [40.5min, eta 105min]
  cal= 6 pat=20/48 patient20   same: PO=0.667 GM=0.726  next: PO=0.860 GM=0.712  [41.2min, eta 104min]
  cal= 6 pat=21/48 patient21   same: PO=0.863 GM=0.880  next: PO=0.376 GM=0.229  [42.0min, eta 104min]
  cal= 6 pat=22/48 patient22   same: PO=0.803 GM=0.897  next: PO=0.924 GM=0.567  [42.7min, eta 104min]
  cal= 6 pat=23/48 patient23   same: PO=0.812 GM=0.709  next: PO=0.915 GM=0.824  [43.4min, eta 103min]
  cal= 6 pat=24/48 patient24   same: PO=0.915 GM=0.521  next: PO=0.846 GM=0.787  [44.1min, eta 103min]
  cal= 6 pat=25/48 patient25   same: PO=0.598 GM=0.650  next: PO=0.905 GM=0.761  [44.8min, eta 103min]
  cal= 6 pat=26/48 patient26   same: PO=0.675 GM=0.632  next: PO=0.778 GM=0.838  [45.5min, eta 102min]
  cal= 6 pat=27/48 patient27   same: PO=0.453 GM=0.872  next: PO=0.819 GM=0.683  [46.3min, eta 102min]
  cal= 6 pat=28/48 patient28   same: PO=0.821 GM=0.821  next: PO=0.860 GM=0.895  [47.0min, eta 101min]
  cal= 6 pat=29/48 patient29   same: PO=0.863 GM=0.701  next: PO=0.893 GM=0.661  [47.7min, eta 101min]
  cal= 6 pat=30/48 patient30   same: PO=0.906 GM=0.744  next: PO=0.764 GM=0.431  [48.4min, eta 101min]
  cal= 6 pat=31/48 patient31   same: PO=0.624 GM=0.795  next: PO=0.841 GM=0.916  [49.1min, eta 100min]
  cal= 6 pat=32/48 patient32   same: PO=0.752 GM=0.709  next: PO=0.879 GM=0.853  [49.9min, eta 100min]
  cal= 6 pat=33/48 patient33   same: PO=0.675 GM=0.675  next: PO=0.785 GM=0.573  [50.4min, eta 99min]
  cal= 6 pat=34/48 patient34   same: PO=0.786 GM=0.906  next: PO=0.925 GM=0.601  [51.0min, eta 98min]
  cal= 6 pat=35/48 patient35   same: PO=0.521 GM=0.590  next: PO=0.775 GM=0.501  [51.5min, eta 97min]
  cal= 6 pat=36/48 patient36   same: PO=0.667 GM=0.641  next: PO=0.834 GM=0.624  [52.0min, eta 97min]
  cal= 6 pat=37/48 patient37   same: PO=0.897 GM=0.932  next: PO=0.844 GM=0.501  [52.6min, eta 96min]
  cal= 6 pat=38/48 patient38   same: PO=0.658 GM=0.632  next: PO=0.832 GM=0.521  [53.1min, eta 95min]
  cal= 6 pat=39/48 patient39   same: PO=0.709 GM=0.709  next: PO=0.919 GM=0.732  [53.7min, eta 94min]
  cal= 6 pat=40/48 patient40   same: PO=0.761 GM=0.786  next: PO=0.940 GM=0.915  [54.2min, eta 94min]
  cal= 6 pat=41/48 patient41   same: PO=0.632 GM=0.735  next: PO=0.828 GM=0.806  [54.7min, eta 93min]
  cal= 6 pat=42/48 patient42   same: PO=0.949 GM=0.923  next: PO=0.844 GM=0.708  [55.2min, eta 92min]
  cal= 6 pat=43/48 patient43   same: PO=0.752 GM=0.675  next: PO=0.928 GM=0.853  [55.7min, eta 91min]
  cal= 6 pat=44/48 patient44   same: PO=0.957 GM=0.752  next: PO=0.926 GM=0.498  [56.1min, eta 90min]
  cal= 6 pat=45/48 patient45   same: PO=0.821 GM=0.821  next: PO=0.846 GM=0.870  [56.6min, eta 90min]
  cal= 6 pat=46/48 patient46   same: PO=0.744 GM=0.829  next: PO=0.862 GM=0.609  [57.1min, eta 89min]
  cal= 6 pat=47/48 patient47   same: PO=0.863 GM=0.897  next: PO=0.880 GM=0.526  [57.6min, eta 88min]
  cal= 6 pat=48/48 patient48   same: PO=0.667 GM=0.701  next: PO=— GM=—  [58.1min, eta 87min]
  cal=12 pat= 1/48 patient1    same: PO=0.803 GM=0.846  next: PO=0.939 GM=0.745  [58.6min, eta 86min]
  cal=12 pat= 2/48 patient2    same: PO=0.846 GM=0.838  next: PO=0.810 GM=0.765  [59.2min, eta 86min]
  cal=12 pat= 3/48 patient3    same: PO=0.795 GM=0.658  next: PO=0.899 GM=0.593  [59.7min, eta 85min]
  cal=12 pat= 4/48 patient4    same: PO=0.906 GM=0.889  next: PO=0.217 GM=0.411  [60.2min, eta 84min]
  cal=12 pat= 5/48 patient5    same: PO=0.667 GM=0.735  next: PO=0.627 GM=0.620  [60.7min, eta 84min]
  cal=12 pat= 6/48 patient6    same: PO=0.650 GM=0.846  next: PO=0.901 GM=0.658  [61.2min, eta 83min]
  cal=12 pat= 7/48 patient7    same: PO=0.889 GM=0.880  next: PO=0.910 GM=0.730  [61.7min, eta 82min]
  cal=12 pat= 8/48 patient8    same: PO=0.974 GM=0.957  next: PO=0.824 GM=0.791  [62.2min, eta 81min]
  cal=12 pat= 9/48 patient9    same: PO=0.880 GM=0.957  next: PO=0.774 GM=0.856  [62.7min, eta 81min]
  cal=12 pat=10/48 patient10   same: PO=0.581 GM=0.650  next: PO=0.845 GM=0.651  [63.2min, eta 80min]
  cal=12 pat=11/48 patient11   same: PO=0.897 GM=0.778  next: PO=0.874 GM=0.724  [63.7min, eta 79min]
  cal=12 pat=12/48 patient12   same: PO=0.974 GM=0.855  next: PO=0.882 GM=0.932  [64.2min, eta 78min]
  cal=12 pat=13/48 patient13   same: PO=0.966 GM=1.000  next: PO=0.786 GM=0.376  [64.7min, eta 78min]
  cal=12 pat=14/48 patient14   same: PO=0.752 GM=0.692  next: PO=0.814 GM=0.822  [65.2min, eta 77min]
  cal=12 pat=15/48 patient15   same: PO=0.966 GM=0.991  next: PO=— GM=—  [65.7min, eta 76min]
  cal=12 pat=16/48 patient16   same: PO=0.974 GM=0.957  next: PO=0.946 GM=0.966  [66.2min, eta 76min]
  cal=12 pat=17/48 patient17   same: PO=0.889 GM=0.795  next: PO=0.796 GM=0.593  [66.7min, eta 75min]
  cal=12 pat=18/48 patient18   same: PO=0.795 GM=0.821  next: PO=0.793 GM=0.794  [67.2min, eta 74min]
  cal=12 pat=19/48 patient19   same: PO=0.701 GM=0.803  next: PO=0.751 GM=0.791  [67.7min, eta 74min]
  cal=12 pat=20/48 patient20   same: PO=0.752 GM=0.855  next: PO=0.869 GM=0.777  [68.2min, eta 73min]
  cal=12 pat=21/48 patient21   same: PO=0.863 GM=0.829  next: PO=0.360 GM=0.343  [68.6min, eta 72min]
  cal=12 pat=22/48 patient22   same: PO=0.863 GM=0.932  next: PO=0.985 GM=0.681  [69.1min, eta 71min]
  cal=12 pat=23/48 patient23   same: PO=0.915 GM=0.957  next: PO=0.927 GM=0.929  [69.6min, eta 71min]
  cal=12 pat=24/48 patient24   same: PO=0.906 GM=0.778  next: PO=0.829 GM=0.792  [70.1min, eta 70min]
  cal=12 pat=25/48 patient25   same: PO=0.684 GM=0.658  next: PO=0.901 GM=0.825  [70.6min, eta 69min]
  cal=12 pat=26/48 patient26   same: PO=0.735 GM=0.684  next: PO=0.513 GM=0.878  [71.1min, eta 69min]
  cal=12 pat=27/48 patient27   same: PO=0.632 GM=0.957  next: PO=0.840 GM=0.848  [71.6min, eta 68min]
  cal=12 pat=28/48 patient28   same: PO=0.966 GM=0.897  next: PO=0.884 GM=0.901  [72.1min, eta 67min]
  cal=12 pat=29/48 patient29   same: PO=0.846 GM=0.752  next: PO=0.866 GM=0.764  [72.6min, eta 67min]
  cal=12 pat=30/48 patient30   same: PO=0.838 GM=0.769  next: PO=0.691 GM=0.507  [73.1min, eta 66min]
  cal=12 pat=31/48 patient31   same: PO=0.829 GM=0.821  next: PO=0.921 GM=0.906  [73.6min, eta 65min]
  cal=12 pat=32/48 patient32   same: PO=0.795 GM=0.718  next: PO=0.888 GM=0.848  [74.1min, eta 65min]
  cal=12 pat=33/48 patient33   same: PO=0.769 GM=0.641  next: PO=0.828 GM=0.686  [74.6min, eta 64min]
  cal=12 pat=34/48 patient34   same: PO=0.880 GM=0.957  next: PO=0.911 GM=0.750  [75.0min, eta 64min]
  cal=12 pat=35/48 patient35   same: PO=0.726 GM=0.726  next: PO=0.849 GM=0.754  [75.5min, eta 63min]
  cal=12 pat=36/48 patient36   same: PO=0.641 GM=0.641  next: PO=0.747 GM=0.725  [76.0min, eta 62min]
  cal=12 pat=37/48 patient37   same: PO=0.983 GM=0.983  next: PO=0.864 GM=0.571  [76.5min, eta 62min]
  cal=12 pat=38/48 patient38   same: PO=0.923 GM=0.744  next: PO=0.884 GM=0.669  [77.0min, eta 61min]
  cal=12 pat=39/48 patient39   same: PO=0.880 GM=0.786  next: PO=0.927 GM=0.850  [77.5min, eta 60min]
  cal=12 pat=40/48 patient40   same: PO=0.880 GM=0.821  next: PO=0.952 GM=0.952  [78.0min, eta 60min]
  cal=12 pat=41/48 patient41   same: PO=0.718 GM=0.709  next: PO=0.829 GM=0.851  [78.5min, eta 59min]
  cal=12 pat=42/48 patient42   same: PO=0.991 GM=0.949  next: PO=0.811 GM=0.712  [79.0min, eta 58min]
  cal=12 pat=43/48 patient43   same: PO=0.897 GM=0.846  next: PO=0.931 GM=0.880  [79.5min, eta 58min]
  cal=12 pat=44/48 patient44   same: PO=0.966 GM=0.889  next: PO=0.890 GM=0.631  [80.0min, eta 57min]
  cal=12 pat=45/48 patient45   same: PO=0.906 GM=0.846  next: PO=0.856 GM=0.866  [80.4min, eta 56min]
  cal=12 pat=46/48 patient46   same: PO=0.735 GM=0.872  next: PO=0.926 GM=0.716  [80.9min, eta 56min]
  cal=12 pat=47/48 patient47   same: PO=0.940 GM=0.949  next: PO=0.900 GM=0.683  [81.4min, eta 55min]
  cal=12 pat=48/48 patient48   same: PO=0.795 GM=0.795  next: PO=— GM=—  [81.9min, eta 55min]
  cal=24 pat= 1/48 patient1    same: PO=0.795 GM=0.829  next: PO=0.916 GM=0.841  [82.4min, eta 54min]
  cal=24 pat= 2/48 patient2    same: PO=0.735 GM=0.709  next: PO=0.824 GM=0.794  [82.9min, eta 53min]
  cal=24 pat= 3/48 patient3    same: PO=0.658 GM=0.692  next: PO=0.887 GM=0.729  [83.4min, eta 53min]
  cal=24 pat= 4/48 patient4    same: PO=0.880 GM=0.932  next: PO=0.349 GM=0.663  [83.9min, eta 52min]
  cal=24 pat= 5/48 patient5    same: PO=0.889 GM=0.915  next: PO=0.622 GM=0.665  [84.4min, eta 52min]
  cal=24 pat= 6/48 patient6    same: PO=0.786 GM=0.838  next: PO=0.929 GM=0.767  [84.9min, eta 51min]
  cal=24 pat= 7/48 patient7    same: PO=0.949 GM=0.846  next: PO=0.933 GM=0.831  [85.4min, eta 50min]
  cal=24 pat= 8/48 patient8    same: PO=0.991 GM=0.991  next: PO=0.843 GM=0.866  [85.9min, eta 50min]
  cal=24 pat= 9/48 patient9    same: PO=0.932 GM=0.949  next: PO=0.917 GM=0.888  [86.4min, eta 49min]
  cal=24 pat=10/48 patient10   same: PO=0.821 GM=0.692  next: PO=0.924 GM=0.818  [86.9min, eta 49min]
  cal=24 pat=11/48 patient11   same: PO=0.726 GM=0.709  next: PO=0.894 GM=0.762  [87.4min, eta 48min]
  cal=24 pat=12/48 patient12   same: PO=0.983 GM=0.846  next: PO=0.865 GM=0.934  [87.8min, eta 47min]
  cal=24 pat=13/48 patient13   same: PO=0.991 GM=1.000  next: PO=0.536 GM=0.413  [88.3min, eta 47min]
  cal=24 pat=14/48 patient14   same: PO=0.735 GM=0.709  next: PO=0.849 GM=0.848  [88.8min, eta 46min]
  cal=24 pat=15/48 patient15   same: PO=0.974 GM=0.983  next: PO=— GM=—  [89.3min, eta 46min]
  cal=24 pat=16/48 patient16   same: PO=0.932 GM=0.940  next: PO=0.971 GM=0.972  [89.8min, eta 45min]
  cal=24 pat=17/48 patient17   same: PO=1.000 GM=0.949  next: PO=0.876 GM=0.692  [90.3min, eta 44min]
  cal=24 pat=18/48 patient18   same: PO=0.889 GM=0.769  next: PO=0.823 GM=0.795  [90.8min, eta 44min]
  cal=24 pat=19/48 patient19   same: PO=0.872 GM=0.880  next: PO=0.747 GM=0.819  [91.3min, eta 43min]
  cal=24 pat=20/48 patient20   same: PO=0.829 GM=0.966  next: PO=0.895 GM=0.828  [91.8min, eta 43min]
  cal=24 pat=21/48 patient21   same: PO=0.991 GM=0.991  next: PO=0.363 GM=0.298  [92.3min, eta 42min]
  cal=24 pat=22/48 patient22   same: PO=0.889 GM=0.957  next: PO=0.979 GM=0.814  [92.8min, eta 41min]
  cal=24 pat=23/48 patient23   same: PO=0.940 GM=0.991  next: PO=0.951 GM=0.960  [93.4min, eta 41min]
  cal=24 pat=24/48 patient24   same: PO=0.880 GM=0.838  next: PO=0.833 GM=0.830  [93.9min, eta 40min]
  cal=24 pat=25/48 patient25   same: PO=0.709 GM=0.650  next: PO=0.893 GM=0.859  [94.4min, eta 40min]
  cal=24 pat=26/48 patient26   same: PO=0.915 GM=0.863  next: PO=0.687 GM=0.824  [94.9min, eta 39min]
  cal=24 pat=27/48 patient27   same: PO=0.872 GM=0.983  next: PO=0.903 GM=0.864  [95.4min, eta 39min]
  cal=24 pat=28/48 patient28   same: PO=0.838 GM=0.974  next: PO=0.808 GM=0.916  [95.9min, eta 38min]
  cal=24 pat=29/48 patient29   same: PO=0.974 GM=0.949  next: PO=0.953 GM=0.905  [96.4min, eta 37min]
  cal=24 pat=30/48 patient30   same: PO=0.906 GM=0.923  next: PO=0.685 GM=0.604  [96.9min, eta 37min]
  cal=24 pat=31/48 patient31   same: PO=0.838 GM=0.915  next: PO=0.925 GM=0.908  [97.4min, eta 36min]
  cal=24 pat=32/48 patient32   same: PO=0.778 GM=0.726  next: PO=0.894 GM=0.866  [97.9min, eta 36min]
  cal=24 pat=33/48 patient33   same: PO=0.966 GM=0.701  next: PO=0.897 GM=0.793  [98.4min, eta 35min]
  cal=24 pat=34/48 patient34   same: PO=0.889 GM=0.974  next: PO=0.899 GM=0.812  [98.9min, eta 34min]
  cal=24 pat=35/48 patient35   same: PO=0.752 GM=0.803  next: PO=0.861 GM=0.844  [99.4min, eta 34min]
  cal=24 pat=36/48 patient36   same: PO=0.821 GM=0.726  next: PO=0.920 GM=0.763  [99.9min, eta 33min]
  cal=24 pat=37/48 patient37   same: PO=1.000 GM=0.966  next: PO=0.786 GM=0.660  [100.4min, eta 33min]
  cal=24 pat=38/48 patient38   same: PO=0.906 GM=0.855  next: PO=0.986 GM=0.732  [100.9min, eta 32min]
  cal=24 pat=39/48 patient39   same: PO=0.897 GM=0.812  next: PO=0.942 GM=0.915  [101.4min, eta 32min]
  cal=24 pat=40/48 patient40   same: PO=0.949 GM=0.957  next: PO=0.987 GM=0.983  [101.9min, eta 31min]
  cal=24 pat=41/48 patient41   same: PO=0.581 GM=0.598  next: PO=0.839 GM=0.887  [102.4min, eta 30min]
  cal=24 pat=42/48 patient42   same: PO=0.991 GM=0.949  next: PO=0.831 GM=0.786  [102.9min, eta 30min]
  cal=24 pat=43/48 patient43   same: PO=0.829 GM=0.983  next: PO=0.985 GM=0.920  [103.4min, eta 29min]
  cal=24 pat=44/48 patient44   same: PO=0.949 GM=0.915  next: PO=0.936 GM=0.763  [103.9min, eta 29min]
  cal=24 pat=45/48 patient45   same: PO=0.906 GM=0.897  next: PO=0.894 GM=0.864  [104.4min, eta 28min]
  cal=24 pat=46/48 patient46   same: PO=0.786 GM=0.880  next: PO=0.957 GM=0.760  [104.9min, eta 28min]
  cal=24 pat=47/48 patient47   same: PO=0.949 GM=0.949  next: PO=0.882 GM=0.839  [105.4min, eta 27min]
  cal=24 pat=48/48 patient48   same: PO=0.684 GM=0.897  next: PO=— GM=—  [105.9min, eta 26min]
  cal=36 pat= 1/48 patient1    same: PO=0.795 GM=0.863  next: PO=0.928 GM=0.878  [106.4min, eta 26min]
  cal=36 pat= 2/48 patient2    same: PO=0.786 GM=0.778  next: PO=0.823 GM=0.861  [106.9min, eta 25min]
  cal=36 pat= 3/48 patient3    same: PO=0.650 GM=0.761  next: PO=0.869 GM=0.841  [107.4min, eta 25min]
  cal=36 pat= 4/48 patient4    same: PO=0.872 GM=0.940  next: PO=0.863 GM=0.473  [107.9min, eta 24min]
  cal=36 pat= 5/48 patient5    same: PO=0.855 GM=0.795  next: PO=0.699 GM=0.719  [108.4min, eta 24min]
  cal=36 pat= 6/48 patient6    same: PO=0.667 GM=0.863  next: PO=0.929 GM=0.828  [109.0min, eta 23min]
  cal=36 pat= 7/48 patient7    same: PO=0.974 GM=0.957  next: PO=0.921 GM=0.868  [109.5min, eta 23min]
  cal=36 pat= 8/48 patient8    same: PO=0.966 GM=0.940  next: PO=0.843 GM=0.911  [110.0min, eta 22min]
  cal=36 pat= 9/48 patient9    same: PO=0.829 GM=0.855  next: PO=0.907 GM=0.888  [110.5min, eta 21min]
  cal=36 pat=10/48 patient10   same: PO=0.735 GM=0.692  next: PO=0.933 GM=0.843  [111.2min, eta 21min]
  cal=36 pat=11/48 patient11   same: PO=0.744 GM=0.658  next: PO=0.865 GM=0.801  [111.7min, eta 20min]
  cal=36 pat=12/48 patient12   same: PO=0.991 GM=0.983  next: PO=0.873 GM=0.927  [112.2min, eta 20min]
  cal=36 pat=13/48 patient13   same: PO=0.966 GM=1.000  next: PO=0.599 GM=0.466  [112.7min, eta 19min]
  cal=36 pat=14/48 patient14   same: PO=0.556 GM=0.718  next: PO=0.829 GM=0.859  [113.2min, eta 19min]
  cal=36 pat=15/48 patient15   same: PO=0.991 GM=0.974  next: PO=— GM=—  [113.7min, eta 18min]
  cal=36 pat=16/48 patient16   same: PO=1.000 GM=0.932  next: PO=0.990 GM=0.973  [114.2min, eta 18min]
  cal=36 pat=17/48 patient17   same: PO=0.966 GM=0.983  next: PO=0.918 GM=0.780  [114.7min, eta 17min]
  cal=36 pat=18/48 patient18   same: PO=0.855 GM=0.786  next: PO=0.824 GM=0.833  [115.2min, eta 16min]
  cal=36 pat=19/48 patient19   same: PO=0.966 GM=0.906  next: PO=0.719 GM=0.774  [115.7min, eta 16min]
  cal=36 pat=20/48 patient20   same: PO=0.880 GM=0.983  next: PO=0.889 GM=0.863  [116.2min, eta 15min]
  cal=36 pat=21/48 patient21   same: PO=0.974 GM=0.966  next: PO=0.392 GM=0.329  [116.7min, eta 15min]
  cal=36 pat=22/48 patient22   same: PO=0.846 GM=0.974  next: PO=0.975 GM=0.834  [117.2min, eta 14min]
  cal=36 pat=23/48 patient23   same: PO=0.932 GM=0.932  next: PO=0.950 GM=0.978  [117.7min, eta 14min]
  cal=36 pat=24/48 patient24   same: PO=0.889 GM=0.872  next: PO=0.833 GM=0.833  [118.2min, eta 13min]
  cal=36 pat=25/48 patient25   same: PO=0.701 GM=0.701  next: PO=0.923 GM=0.881  [118.7min, eta 13min]
  cal=36 pat=26/48 patient26   same: PO=0.923 GM=0.940  next: PO=0.676 GM=0.821  [119.2min, eta 12min]
  cal=36 pat=27/48 patient27   same: PO=0.966 GM=0.974  next: PO=0.885 GM=0.893  [119.7min, eta 11min]
  cal=36 pat=28/48 patient28   same: PO=0.991 GM=0.991  next: PO=0.863 GM=0.922  [120.2min, eta 11min]
  cal=36 pat=29/48 patient29   same: PO=0.957 GM=0.966  next: PO=0.964 GM=0.931  [120.7min, eta 10min]
  cal=36 pat=30/48 patient30   same: PO=0.966 GM=0.966  next: PO=0.918 GM=0.672  [121.2min, eta 10min]
  cal=36 pat=31/48 patient31   same: PO=0.863 GM=0.889  next: PO=0.909 GM=0.915  [121.7min, eta 9min]
  cal=36 pat=32/48 patient32   same: PO=0.761 GM=0.718  next: PO=0.916 GM=0.881  [122.2min, eta 9min]
  cal=36 pat=33/48 patient33   same: PO=0.957 GM=0.863  next: PO=0.884 GM=0.894  [122.8min, eta 8min]
  cal=36 pat=34/48 patient34   same: PO=0.863 GM=0.915  next: PO=0.911 GM=0.835  [123.3min, eta 8min]
  cal=36 pat=35/48 patient35   same: PO=0.658 GM=0.692  next: PO=0.863 GM=0.877  [123.8min, eta 7min]
  cal=36 pat=36/48 patient36   same: PO=0.966 GM=0.932  next: PO=0.955 GM=0.870  [124.5min, eta 7min]
  cal=36 pat=37/48 patient37   same: PO=1.000 GM=0.991  next: PO=0.829 GM=0.718  [125.0min, eta 6min]
  cal=36 pat=38/48 patient38   same: PO=0.991 GM=0.880  next: PO=0.998 GM=0.749  [125.5min, eta 5min]
  cal=36 pat=39/48 patient39   same: PO=0.880 GM=0.863  next: PO=0.931 GM=0.918  [126.0min, eta 5min]
  cal=36 pat=40/48 patient40   same: PO=0.932 GM=0.949  next: PO=0.993 GM=0.986  [126.5min, eta 4min]
  cal=36 pat=41/48 patient41   same: PO=0.547 GM=0.701  next: PO=0.837 GM=0.905  [127.0min, eta 4min]
  cal=36 pat=42/48 patient42   same: PO=0.940 GM=0.906  next: PO=0.831 GM=0.806  [127.6min, eta 3min]
  cal=36 pat=43/48 patient43   same: PO=0.949 GM=0.983  next: PO=0.982 GM=0.917  [128.1min, eta 3min]
  cal=36 pat=44/48 patient44   same: PO=0.932 GM=0.940  next: PO=0.960 GM=0.848  [128.7min, eta 2min]
  cal=36 pat=45/48 patient45   same: PO=0.923 GM=0.846  next: PO=0.895 GM=0.896  [129.2min, eta 2min]
  cal=36 pat=46/48 patient46   same: PO=0.949 GM=0.846  next: PO=0.936 GM=0.766  [129.8min, eta 1min]
  cal=36 pat=47/48 patient47   same: PO=0.974 GM=0.974  next: PO=0.882 GM=0.864  [130.3min, eta 1min]
  cal=36 pat=48/48 patient48   same: PO=0.855 GM=0.906  next: PO=— GM=—  [130.9min, eta 0min]
2026-05-28 17:45:39.549 Python[21436:1226555] ApplePersistenceIgnoreState: Existing state will not be touched. New state will be written to /var/folders/pq/d0bzzh8s2pv26dxwmj0z5jx80000gn/T/org.python.python.savedState

Wrote /Users/anshshetty/Library/Mobile Documents/com~apple~CloudDocs/ExoHand/analysis/physiomio/results/cal_size_sweep.csv  rows=480
Wrote /Users/anshshetty/Library/Mobile Documents/com~apple~CloudDocs/ExoHand/analysis/physiomio/results/cal_size_sweep_summary.md
Wrote /Users/anshshetty/Library/Mobile Documents/com~apple~CloudDocs/ExoHand/analysis/physiomio/results/cal_size_sweep.png
Loading + engineering PhysioMio...
  Adding temporal features …
  Adding cross-channel features …
  Adding temporal features on interaction columns …
  Adding rank-percentile features …
  Adding within-trial position …
  Per-participant z-score normalisation …
  Per-participant-session normalisation …
  shape: (307439, 378)
Loading GrabMyo cache...
  GrabMyo full: 1,138,683 windows × 370 features
  GrabMyo subsample: 299,998 windows  (class balance: {0: 23076, 1: 115384, 2: 161538})

Patients (n=48): ['patient1', 'patient2', 'patient3', 'patient4', 'patient5', 'patient6', 'patient7', 'patient8']...
Cal sizes: [4, 5, 9, 18]
Total fits: 48 × 4 × 2 arms = 384
Estimated wall time: ~83 min (GrabMyo+cal arm dominates)

  cal= 4 pat= 1/48 patient1    same: PO=0.726 GM=0.803  next: PO=0.850 GM=0.510  [1.4min, eta 268min]
  cal= 4 pat= 2/48 patient2    same: PO=0.812 GM=0.863  next: PO=0.851 GM=0.697  [2.1min, eta 199min]
  cal= 4 pat= 3/48 patient3    same: PO=0.692 GM=0.761  next: PO=0.905 GM=0.371  [3.6min, eta 224min]
  cal= 4 pat= 4/48 patient4    same: PO=0.650 GM=0.769  next: PO=0.629 GM=0.372  [5.1min, eta 238min]
  cal= 4 pat= 5/48 patient5    same: PO=0.650 GM=0.607  next: PO=0.627 GM=0.536  [6.6min, eta 246min]
  cal= 4 pat= 6/48 patient6    same: PO=0.436 GM=0.863  next: PO=0.829 GM=0.528  [8.1min, eta 250min]
  cal= 4 pat= 7/48 patient7    same: PO=0.718 GM=0.744  next: PO=0.879 GM=0.435  [9.7min, eta 255min]
  cal= 4 pat= 8/48 patient8    same: PO=0.880 GM=0.795  next: PO=0.876 GM=0.460  [11.2min, eta 257min]
  cal= 4 pat= 9/48 patient9    same: PO=0.735 GM=0.829  next: PO=0.784 GM=0.604  [12.8min, eta 260min]
  cal= 4 pat=10/48 patient10   same: PO=0.632 GM=0.607  next: PO=0.834 GM=0.404  [14.3min, eta 261min]
  cal= 4 pat=11/48 patient11   same: PO=0.692 GM=0.658  next: PO=0.826 GM=0.454  [15.9min, eta 261min]
  cal= 4 pat=12/48 patient12   same: PO=0.795 GM=0.855  next: PO=0.912 GM=0.860  [17.4min, eta 261min]
  cal= 4 pat=13/48 patient13   same: PO=0.983 GM=0.872  next: PO=0.763 GM=0.297  [19.0min, eta 261min]
  cal= 4 pat=14/48 patient14   same: PO=0.504 GM=0.641  next: PO=0.808 GM=0.779  [20.5min, eta 261min]
  cal= 4 pat=15/48 patient15   same: PO=0.829 GM=0.940  next: PO=— GM=—  [22.1min, eta 260min]
  cal= 4 pat=16/48 patient16   same: PO=0.932 GM=0.752  next: PO=0.890 GM=0.859  [23.7min, eta 260min]
  cal= 4 pat=17/48 patient17   same: PO=0.675 GM=0.581  next: PO=0.891 GM=0.442  [25.3min, eta 260min]
  cal= 4 pat=18/48 patient18   same: PO=0.795 GM=0.778  next: PO=0.700 GM=0.613  [26.9min, eta 260min]
  cal= 4 pat=19/48 patient19   same: PO=0.624 GM=0.846  next: PO=0.728 GM=0.710  [28.5min, eta 260min]
  cal= 4 pat=20/48 patient20   same: PO=0.581 GM=0.726  next: PO=0.843 GM=0.677  [30.1min, eta 259min]
  cal= 4 pat=21/48 patient21   same: PO=0.838 GM=0.906  next: PO=0.136 GM=0.214  [31.7min, eta 258min]
  cal= 4 pat=22/48 patient22   same: PO=0.838 GM=0.889  next: PO=0.921 GM=0.511  [33.3min, eta 257min]
  cal= 4 pat=23/48 patient23   same: PO=0.709 GM=0.726  next: PO=0.844 GM=0.705  [34.9min, eta 257min]
  cal= 4 pat=24/48 patient24   same: PO=0.829 GM=0.453  next: PO=0.833 GM=0.790  [36.5min, eta 255min]
  cal= 4 pat=25/48 patient25   same: PO=0.444 GM=0.641  next: PO=0.909 GM=0.705  [38.0min, eta 254min]
  cal= 4 pat=26/48 patient26   same: PO=0.650 GM=0.684  next: PO=0.783 GM=0.747  [39.6min, eta 253min]
  cal= 4 pat=27/48 patient27   same: PO=0.470 GM=0.718  next: PO=0.815 GM=0.620  [41.2min, eta 252min]
  cal= 4 pat=28/48 patient28   same: PO=0.829 GM=0.769  next: PO=0.909 GM=0.851  [42.8min, eta 251min]
  cal= 4 pat=29/48 patient29   same: PO=0.718 GM=0.547  next: PO=0.840 GM=0.568  [44.4min, eta 249min]
  cal= 4 pat=30/48 patient30   same: PO=0.872 GM=0.761  next: PO=0.859 GM=0.387  [46.0min, eta 248min]
  cal= 4 pat=31/48 patient31   same: PO=0.504 GM=0.735  next: PO=0.794 GM=0.922  [47.6min, eta 247min]
  cal= 4 pat=32/48 patient32   same: PO=0.675 GM=0.692  next: PO=0.874 GM=0.845  [49.2min, eta 246min]
  cal= 4 pat=33/48 patient33   same: PO=0.615 GM=0.701  next: PO=0.786 GM=0.493  [50.9min, eta 245min]
  cal= 4 pat=34/48 patient34   same: PO=0.718 GM=0.821  next: PO=0.926 GM=0.484  [52.5min, eta 244min]
  cal= 4 pat=35/48 patient35   same: PO=0.538 GM=0.658  next: PO=0.750 GM=0.426  [54.2min, eta 243min]
  cal= 4 pat=36/48 patient36   same: PO=0.641 GM=0.684  next: PO=0.808 GM=0.548  [55.8min, eta 242min]
  cal= 4 pat=37/48 patient37   same: PO=0.923 GM=0.889  next: PO=0.791 GM=0.443  [57.5min, eta 241min]
  cal= 4 pat=38/48 patient38   same: PO=0.718 GM=0.521  next: PO=0.803 GM=0.437  [59.2min, eta 240min]
  cal= 4 pat=39/48 patient39   same: PO=0.667 GM=0.658  next: PO=0.870 GM=0.699  [60.8min, eta 238min]
  cal= 4 pat=40/48 patient40   same: PO=0.701 GM=0.786  next: PO=0.888 GM=0.834  [62.4min, eta 237min]
  cal= 4 pat=41/48 patient41   same: PO=0.632 GM=0.598  next: PO=0.821 GM=0.788  [64.0min, eta 236min]
  cal= 4 pat=42/48 patient42   same: PO=0.838 GM=0.855  next: PO=0.862 GM=0.598  [65.5min, eta 234min]
  cal= 4 pat=43/48 patient43   same: PO=0.632 GM=0.650  next: PO=0.927 GM=0.767  [67.1min, eta 232min]
  cal= 4 pat=44/48 patient44   same: PO=0.974 GM=0.778  next: PO=0.926 GM=0.396  [68.6min, eta 231min]
  cal= 4 pat=45/48 patient45   same: PO=0.624 GM=0.795  next: PO=0.880 GM=0.851  [69.9min, eta 228min]
  cal= 4 pat=46/48 patient46   same: PO=0.735 GM=0.752  next: PO=0.885 GM=0.541  [71.4min, eta 227min]
  cal= 4 pat=47/48 patient47   same: PO=0.897 GM=0.821  next: PO=0.843 GM=0.368  [73.0min, eta 225min]
  cal= 4 pat=48/48 patient48   same: PO=0.658 GM=0.795  next: PO=— GM=—  [74.6min, eta 224min]
  cal= 5 pat= 1/48 patient1    same: PO=0.735 GM=0.803  next: PO=0.916 GM=0.564  [76.2min, eta 222min]
  cal= 5 pat= 2/48 patient2    same: PO=0.846 GM=0.897  next: PO=0.868 GM=0.722  [77.7min, eta 221min]
  cal= 5 pat= 3/48 patient3    same: PO=0.684 GM=0.692  next: PO=0.897 GM=0.397  [79.3min, eta 219min]
  cal= 5 pat= 4/48 patient4    same: PO=0.684 GM=0.821  next: PO=0.618 GM=0.314  [80.9min, eta 218min]
  cal= 5 pat= 5/48 patient5    same: PO=0.598 GM=0.581  next: PO=0.685 GM=0.568  [82.5min, eta 216min]
  cal= 5 pat= 6/48 patient6    same: PO=0.564 GM=0.872  next: PO=0.896 GM=0.581  [84.2min, eta 215min]
  cal= 5 pat= 7/48 patient7    same: PO=0.709 GM=0.778  next: PO=0.866 GM=0.511  [85.8min, eta 214min]
  cal= 5 pat= 8/48 patient8    same: PO=0.983 GM=0.855  next: PO=0.816 GM=0.559  [87.4min, eta 212min]
  cal= 5 pat= 9/48 patient9    same: PO=0.880 GM=0.855  next: PO=0.799 GM=0.719  [89.0min, eta 211min]
  cal= 5 pat=10/48 patient10   same: PO=0.692 GM=0.658  next: PO=0.844 GM=0.454  [90.6min, eta 209min]
  cal= 5 pat=11/48 patient11   same: PO=0.735 GM=0.778  next: PO=0.829 GM=0.576  [92.2min, eta 208min]
  cal= 5 pat=12/48 patient12   same: PO=0.880 GM=0.846  next: PO=0.913 GM=0.875  [93.8min, eta 206min]
  cal= 5 pat=13/48 patient13   same: PO=0.915 GM=0.932  next: PO=0.778 GM=0.327  [95.2min, eta 204min]
  cal= 5 pat=14/48 patient14   same: PO=0.504 GM=0.667  next: PO=0.840 GM=0.782  [96.5min, eta 202min]
  cal= 5 pat=15/48 patient15   same: PO=0.769 GM=0.897  next: PO=— GM=—  [97.9min, eta 201min]
  cal= 5 pat=16/48 patient16   same: PO=0.897 GM=0.718  next: PO=0.892 GM=0.905  [99.3min, eta 199min]
  cal= 5 pat=17/48 patient17   same: PO=0.778 GM=0.530  next: PO=0.908 GM=0.439  [100.7min, eta 197min]
  cal= 5 pat=18/48 patient18   same: PO=0.829 GM=0.872  next: PO=0.780 GM=0.644  [102.4min, eta 195min]
  cal= 5 pat=19/48 patient19   same: PO=0.359 GM=0.846  next: PO=0.748 GM=0.721  [104.0min, eta 194min]
  cal= 5 pat=20/48 patient20   same: PO=0.650 GM=0.701  next: PO=0.841 GM=0.703  [105.5min, eta 192min]
  cal= 5 pat=21/48 patient21   same: PO=0.855 GM=0.872  next: PO=0.297 GM=0.265  [107.1min, eta 191min]
  cal= 5 pat=22/48 patient22   same: PO=0.880 GM=0.897  next: PO=0.869 GM=0.556  [108.7min, eta 189min]
  cal= 5 pat=23/48 patient23   same: PO=0.923 GM=0.744  next: PO=0.884 GM=0.768  [110.2min, eta 188min]
  cal= 5 pat=24/48 patient24   same: PO=0.906 GM=0.444  next: PO=0.827 GM=0.793  [111.8min, eta 186min]
  cal= 5 pat=25/48 patient25   same: PO=0.436 GM=0.650  next: PO=0.886 GM=0.761  [113.4min, eta 185min]
  cal= 5 pat=26/48 patient26   same: PO=0.726 GM=0.632  next: PO=0.739 GM=0.781  [115.0min, eta 183min]
  cal= 5 pat=27/48 patient27   same: PO=0.359 GM=0.812  next: PO=0.815 GM=0.653  [116.5min, eta 182min]
  cal= 5 pat=28/48 patient28   same: PO=0.761 GM=0.752  next: PO=0.846 GM=0.888  [118.1min, eta 180min]
  cal= 5 pat=29/48 patient29   same: PO=0.829 GM=0.735  next: PO=0.873 GM=0.616  [119.7min, eta 179min]
  cal= 5 pat=30/48 patient30   same: PO=0.863 GM=0.701  next: PO=0.862 GM=0.416  [121.3min, eta 177min]
  cal= 5 pat=31/48 patient31   same: PO=0.547 GM=0.744  next: PO=0.855 GM=0.918  [122.6min, eta 175min]
  cal= 5 pat=32/48 patient32   same: PO=0.744 GM=0.718  next: PO=0.816 GM=0.824  [124.0min, eta 174min]
  cal= 5 pat=33/48 patient33   same: PO=0.564 GM=0.735  next: PO=0.765 GM=0.550  [125.4min, eta 172min]
  cal= 5 pat=34/48 patient34   same: PO=0.786 GM=0.855  next: PO=0.866 GM=0.576  [126.8min, eta 170min]
  cal= 5 pat=35/48 patient35   same: PO=0.590 GM=0.641  next: PO=0.762 GM=0.485  [128.1min, eta 168min]
  cal= 5 pat=36/48 patient36   same: PO=0.709 GM=0.632  next: PO=0.821 GM=0.604  [129.5min, eta 167min]
  cal= 5 pat=37/48 patient37   same: PO=0.889 GM=0.932  next: PO=0.844 GM=0.450  [130.9min, eta 165min]
  cal= 5 pat=38/48 patient38   same: PO=0.667 GM=0.598  next: PO=0.813 GM=0.530  [132.4min, eta 163min]
  cal= 5 pat=39/48 patient39   same: PO=0.744 GM=0.701  next: PO=0.917 GM=0.702  [134.0min, eta 162min]
  cal= 5 pat=40/48 patient40   same: PO=0.726 GM=0.880  next: PO=0.893 GM=0.871  [135.5min, eta 160min]
  cal= 5 pat=41/48 patient41   same: PO=0.624 GM=0.658  next: PO=0.835 GM=0.833  [137.1min, eta 159min]
  cal= 5 pat=42/48 patient42   same: PO=0.983 GM=0.889  next: PO=0.826 GM=0.651  [138.6min, eta 157min]
  cal= 5 pat=43/48 patient43   same: PO=0.744 GM=0.658  next: PO=0.942 GM=0.811  [140.2min, eta 156min]
  cal= 5 pat=44/48 patient44   same: PO=0.949 GM=0.744  next: PO=0.929 GM=0.437  [141.8min, eta 154min]
  cal= 5 pat=45/48 patient45   same: PO=0.761 GM=0.803  next: PO=0.880 GM=0.884  [143.4min, eta 153min]
  cal= 5 pat=46/48 patient46   same: PO=0.752 GM=0.795  next: PO=0.798 GM=0.554  [145.0min, eta 151min]
  cal= 5 pat=47/48 patient47   same: PO=0.915 GM=0.897  next: PO=0.850 GM=0.435  [146.6min, eta 150min]
  cal= 5 pat=48/48 patient48   same: PO=0.684 GM=0.701  next: PO=— GM=—  [148.3min, eta 148min]
  cal= 9 pat= 1/48 patient1    same: PO=0.769 GM=0.863  next: PO=0.922 GM=0.674  [149.8min, eta 147min]
  cal= 9 pat= 2/48 patient2    same: PO=0.906 GM=0.838  next: PO=0.832 GM=0.774  [151.5min, eta 145min]
  cal= 9 pat= 3/48 patient3    same: PO=0.829 GM=0.624  next: PO=0.897 GM=0.567  [153.1min, eta 144min]
  cal= 9 pat= 4/48 patient4    same: PO=0.709 GM=0.761  next: PO=0.149 GM=0.362  [154.7min, eta 142min]
  cal= 9 pat= 5/48 patient5    same: PO=0.735 GM=0.701  next: PO=0.808 GM=0.627  [156.3min, eta 141min]
  cal= 9 pat= 6/48 patient6    same: PO=0.650 GM=0.872  next: PO=0.882 GM=0.647  [157.9min, eta 139min]
  cal= 9 pat= 7/48 patient7    same: PO=0.855 GM=0.795  next: PO=0.891 GM=0.631  [159.5min, eta 138min]
  cal= 9 pat= 8/48 patient8    same: PO=0.983 GM=0.966  next: PO=0.813 GM=0.690  [161.2min, eta 136min]
  cal= 9 pat= 9/48 patient9    same: PO=0.889 GM=0.932  next: PO=0.782 GM=0.778  [162.8min, eta 135min]
  cal= 9 pat=10/48 patient10   same: PO=0.624 GM=0.718  next: PO=0.855 GM=0.601  [164.5min, eta 133min]
  cal= 9 pat=11/48 patient11   same: PO=0.778 GM=0.786  next: PO=0.882 GM=0.675  [166.1min, eta 132min]
  cal= 9 pat=12/48 patient12   same: PO=0.966 GM=0.786  next: PO=0.909 GM=0.905  [167.8min, eta 130min]
  cal= 9 pat=13/48 patient13   same: PO=0.974 GM=0.974  next: PO=0.781 GM=0.378  [169.4min, eta 129min]
  cal= 9 pat=14/48 patient14   same: PO=0.778 GM=0.726  next: PO=0.830 GM=0.799  [171.0min, eta 127min]
  cal= 9 pat=15/48 patient15   same: PO=0.906 GM=0.974  next: PO=— GM=—  [172.6min, eta 126min]
  cal= 9 pat=16/48 patient16   same: PO=0.991 GM=0.966  next: PO=0.934 GM=0.940  [174.2min, eta 124min]
  cal= 9 pat=17/48 patient17   same: PO=0.752 GM=0.744  next: PO=0.857 GM=0.546  [175.8min, eta 123min]
  cal= 9 pat=18/48 patient18   same: PO=0.769 GM=0.872  next: PO=0.818 GM=0.702  [177.4min, eta 121min]
  cal= 9 pat=19/48 patient19   same: PO=0.641 GM=0.786  next: PO=0.812 GM=0.780  [179.0min, eta 120min]
  cal= 9 pat=20/48 patient20   same: PO=0.667 GM=0.744  next: PO=0.877 GM=0.763  [180.6min, eta 118min]
  cal= 9 pat=21/48 patient21   same: PO=0.863 GM=0.863  next: PO=0.499 GM=0.285  [182.2min, eta 117min]
  cal= 9 pat=22/48 patient22   same: PO=0.821 GM=0.940  next: PO=0.931 GM=0.659  [183.9min, eta 115min]
  cal= 9 pat=23/48 patient23   same: PO=0.932 GM=0.906  next: PO=0.925 GM=0.913  [185.5min, eta 114min]
  cal= 9 pat=24/48 patient24   same: PO=0.940 GM=0.667  next: PO=0.838 GM=0.793  [187.1min, eta 112min]
  cal= 9 pat=25/48 patient25   same: PO=0.709 GM=0.650  next: PO=0.913 GM=0.810  [188.7min, eta 111min]
  cal= 9 pat=26/48 patient26   same: PO=0.735 GM=0.675  next: PO=0.439 GM=0.837  [190.2min, eta 109min]
  cal= 9 pat=27/48 patient27   same: PO=0.598 GM=0.923  next: PO=0.849 GM=0.801  [191.6min, eta 108min]
  cal= 9 pat=28/48 patient28   same: PO=0.855 GM=0.855  next: PO=0.877 GM=0.889  [193.1min, eta 106min]
  cal= 9 pat=29/48 patient29   same: PO=0.872 GM=0.701  next: PO=0.902 GM=0.733  [194.5min, eta 104min]
  cal= 9 pat=30/48 patient30   same: PO=0.940 GM=0.786  next: PO=0.733 GM=0.491  [196.0min, eta 103min]
  cal= 9 pat=31/48 patient31   same: PO=0.744 GM=0.855  next: PO=0.847 GM=0.903  [197.4min, eta 101min]
  cal= 9 pat=32/48 patient32   same: PO=0.718 GM=0.735  next: PO=0.857 GM=0.840  [198.9min, eta 99min]
  cal= 9 pat=33/48 patient33   same: PO=0.667 GM=0.658  next: PO=0.806 GM=0.644  [200.5min, eta 98min]
  cal= 9 pat=34/48 patient34   same: PO=0.726 GM=0.915  next: PO=0.916 GM=0.713  [202.0min, eta 96min]
  cal= 9 pat=35/48 patient35   same: PO=0.658 GM=0.709  next: PO=0.853 GM=0.677  [203.6min, eta 95min]
  cal= 9 pat=36/48 patient36   same: PO=0.650 GM=0.641  next: PO=0.808 GM=0.706  [205.2min, eta 93min]
  cal= 9 pat=37/48 patient37   same: PO=1.000 GM=0.957  next: PO=0.765 GM=0.554  [206.7min, eta 92min]
  cal= 9 pat=38/48 patient38   same: PO=0.786 GM=0.718  next: PO=0.865 GM=0.630  [208.3min, eta 90min]
  cal= 9 pat=39/48 patient39   same: PO=0.795 GM=0.778  next: PO=0.933 GM=0.781  [209.8min, eta 89min]
  cal= 9 pat=40/48 patient40   same: PO=0.821 GM=0.838  next: PO=0.872 GM=0.941  [211.4min, eta 87min]
  cal= 9 pat=41/48 patient41   same: PO=0.624 GM=0.769  next: PO=0.853 GM=0.833  [213.0min, eta 86min]
  cal= 9 pat=42/48 patient42   same: PO=1.000 GM=0.949  next: PO=0.843 GM=0.714  [214.5min, eta 84min]
  cal= 9 pat=43/48 patient43   same: PO=0.906 GM=0.821  next: PO=0.895 GM=0.890  [216.1min, eta 82min]
  cal= 9 pat=44/48 patient44   same: PO=0.872 GM=0.855  next: PO=0.941 GM=0.591  [217.6min, eta 81min]
  cal= 9 pat=45/48 patient45   same: PO=0.855 GM=0.821  next: PO=0.846 GM=0.877  [219.2min, eta 79min]
  cal= 9 pat=46/48 patient46   same: PO=0.701 GM=0.897  next: PO=0.833 GM=0.654  [220.8min, eta 78min]
  cal= 9 pat=47/48 patient47   same: PO=0.923 GM=0.923  next: PO=0.900 GM=0.565  [222.3min, eta 76min]
  cal= 9 pat=48/48 patient48   same: PO=0.667 GM=0.709  next: PO=— GM=—  [223.9min, eta 75min]
  cal=18 pat= 1/48 patient1    same: PO=0.846 GM=0.880  next: PO=0.929 GM=0.790  [225.4min, eta 73min]
  cal=18 pat= 2/48 patient2    same: PO=0.778 GM=0.761  next: PO=0.803 GM=0.786  [227.0min, eta 72min]
  cal=18 pat= 3/48 patient3    same: PO=0.692 GM=0.624  next: PO=0.873 GM=0.701  [228.6min, eta 70min]
  cal=18 pat= 4/48 patient4    same: PO=0.803 GM=0.906  next: PO=0.563 GM=0.482  [230.1min, eta 68min]
  cal=18 pat= 5/48 patient5    same: PO=0.684 GM=0.786  next: PO=0.608 GM=0.645  [231.7min, eta 67min]
  cal=18 pat= 6/48 patient6    same: PO=0.667 GM=0.846  next: PO=0.913 GM=0.716  [233.2min, eta 65min]
  cal=18 pat= 7/48 patient7    same: PO=0.880 GM=0.855  next: PO=0.910 GM=0.785  [234.8min, eta 64min]
  cal=18 pat= 8/48 patient8    same: PO=1.000 GM=0.991  next: PO=0.825 GM=0.868  [236.3min, eta 62min]
  cal=18 pat= 9/48 patient9    same: PO=0.923 GM=0.983  next: PO=0.900 GM=0.880  [238.0min, eta 61min]
  cal=18 pat=10/48 patient10   same: PO=0.709 GM=0.624  next: PO=0.905 GM=0.745  [239.6min, eta 59min]
  cal=18 pat=11/48 patient11   same: PO=0.821 GM=0.726  next: PO=0.948 GM=0.731  [241.2min, eta 58min]
  cal=18 pat=12/48 patient12   same: PO=0.991 GM=0.855  next: PO=0.885 GM=0.927  [242.8min, eta 56min]
  cal=18 pat=13/48 patient13   same: PO=1.000 GM=0.991  next: PO=0.486 GM=0.405  [244.4min, eta 54min]
  cal=18 pat=14/48 patient14   same: PO=0.718 GM=0.701  next: PO=0.891 GM=0.856  [246.0min, eta 53min]
  cal=18 pat=15/48 patient15   same: PO=0.974 GM=0.991  next: PO=— GM=—  [247.8min, eta 51min]
  cal=18 pat=16/48 patient16   same: PO=0.983 GM=0.940  next: PO=0.929 GM=0.975  [249.5min, eta 50min]
  cal=18 pat=17/48 patient17   same: PO=0.966 GM=0.855  next: PO=0.846 GM=0.647  [251.2min, eta 48min]
  cal=18 pat=18/48 patient18   same: PO=0.803 GM=0.829  next: PO=0.791 GM=0.798  [253.0min, eta 47min]
  cal=18 pat=19/48 patient19   same: PO=0.709 GM=0.829  next: PO=0.655 GM=0.841  [254.7min, eta 45min]
  cal=18 pat=20/48 patient20   same: PO=0.795 GM=0.880  next: PO=0.882 GM=0.801  [256.5min, eta 44min]
  cal=18 pat=21/48 patient21   same: PO=0.872 GM=0.915  next: PO=0.377 GM=0.349  [258.2min, eta 42min]
  cal=18 pat=22/48 patient22   same: PO=0.949 GM=0.966  next: PO=0.974 GM=0.771  [259.9min, eta 41min]
  cal=18 pat=23/48 patient23   same: PO=0.991 GM=0.974  next: PO=0.944 GM=0.947  [261.8min, eta 39min]
  cal=18 pat=24/48 patient24   same: PO=0.855 GM=0.821  next: PO=0.829 GM=0.814  [263.5min, eta 38min]
  cal=18 pat=25/48 patient25   same: PO=0.726 GM=0.667  next: PO=0.885 GM=0.848  [265.3min, eta 36min]
  cal=18 pat=26/48 patient26   same: PO=0.889 GM=0.846  next: PO=0.678 GM=0.837  [267.0min, eta 35min]
  cal=18 pat=27/48 patient27   same: PO=0.872 GM=0.940  next: PO=0.925 GM=0.853  [268.7min, eta 33min]
  cal=18 pat=28/48 patient28   same: PO=0.983 GM=0.957  next: PO=0.891 GM=0.902  [270.5min, eta 31min]
  cal=18 pat=29/48 patient29   same: PO=0.778 GM=0.906  next: PO=0.893 GM=0.869  [272.2min, eta 30min]
  cal=18 pat=30/48 patient30   same: PO=0.846 GM=0.915  next: PO=0.812 GM=0.560  [273.9min, eta 28min]
  cal=18 pat=31/48 patient31   same: PO=0.846 GM=0.897  next: PO=0.921 GM=0.899  [275.7min, eta 27min]
  cal=18 pat=32/48 patient32   same: PO=0.803 GM=0.752  next: PO=0.859 GM=0.847  [277.4min, eta 25min]
  cal=18 pat=33/48 patient33   same: PO=0.778 GM=0.718  next: PO=0.868 GM=0.791  [279.1min, eta 24min]
  cal=18 pat=34/48 patient34   same: PO=0.940 GM=0.949  next: PO=0.891 GM=0.767  [280.8min, eta 22min]
  cal=18 pat=35/48 patient35   same: PO=0.786 GM=0.726  next: PO=0.858 GM=0.839  [282.5min, eta 21min]
  cal=18 pat=36/48 patient36   same: PO=0.735 GM=0.658  next: PO=0.847 GM=0.679  [284.3min, eta 19min]
  cal=18 pat=37/48 patient37   same: PO=0.983 GM=0.974  next: PO=0.864 GM=0.638  [286.0min, eta 17min]
  cal=18 pat=38/48 patient38   same: PO=0.880 GM=0.761  next: PO=0.893 GM=0.693  [287.7min, eta 16min]
  cal=18 pat=39/48 patient39   same: PO=0.880 GM=0.838  next: PO=0.935 GM=0.892  [289.5min, eta 14min]
  cal=18 pat=40/48 patient40   same: PO=0.821 GM=0.855  next: PO=0.971 GM=0.964  [291.2min, eta 13min]
  cal=18 pat=41/48 patient41   same: PO=0.581 GM=0.632  next: PO=0.788 GM=0.849  [292.9min, eta 11min]
  cal=18 pat=42/48 patient42   same: PO=1.000 GM=0.966  next: PO=0.802 GM=0.745  [294.6min, eta 10min]
  cal=18 pat=43/48 patient43   same: PO=0.957 GM=0.983  next: PO=0.986 GM=0.870  [296.3min, eta 8min]
  cal=18 pat=44/48 patient44   same: PO=1.000 GM=0.880  next: PO=0.928 GM=0.728  [298.0min, eta 6min]
  cal=18 pat=45/48 patient45   same: PO=0.915 GM=0.906  next: PO=0.902 GM=0.859  [299.7min, eta 5min]
  cal=18 pat=46/48 patient46   same: PO=0.761 GM=0.872  next: PO=0.899 GM=0.723  [301.4min, eta 3min]
  cal=18 pat=47/48 patient47   same: PO=0.983 GM=0.957  next: PO=0.901 GM=0.793  [303.1min, eta 2min]
  cal=18 pat=48/48 patient48   same: PO=0.915 GM=0.838  next: PO=— GM=—  [304.8min, eta 0min]
2026-05-29 00:02:41.026 Python[25124:1406320] ApplePersistenceIgnoreState: Existing state will not be touched. New state will be written to /var/folders/pq/d0bzzh8s2pv26dxwmj0z5jx80000gn/T/org.python.python.savedState

Wrote /Users/anshshetty/Library/Mobile Documents/com~apple~CloudDocs/ExoHand/analysis/physiomio/results/cal_size_sweep.csv  rows=384
Wrote /Users/anshshetty/Library/Mobile Documents/com~apple~CloudDocs/ExoHand/analysis/physiomio/results/cal_size_sweep_summary.md
Wrote /Users/anshshetty/Library/Mobile Documents/com~apple~CloudDocs/ExoHand/analysis/physiomio/results/cal_size_sweep.png
