Building/loading full GrabMyo envelope cache (43 participants × 3 sessions)...
Building GrabMyo 20 Hz cache (subset, n=43 participants × 3 sessions)...
  Session1: cumulative 87591 windows  (41s)
  Session2: cumulative 175182 windows  (83s)
  Session3: cumulative 262773 windows  (124s)
  GrabMyo 20 Hz subset: 262773 windows from 129 participant-sessions
  262773 windows from 129 participant-sessions

Rebuilding PhysioMio envelope features for 48 patients...
  [12/48]  (134s)
  [24/48]  (140s)
  [36/48]  (145s)
  [48/48]  (151s)
  PhysioMio: 44928 windows across 48 patients

Engineer features (60 → 370) on combined frame...
  Adding temporal features …
  Adding cross-channel features …
  Adding temporal features on interaction columns …
  Adding rank-percentile features …
  Adding within-trial position …
  Per-participant z-score normalisation …
  Per-participant-session normalisation …
  features: 370
  GrabMyo training rows: 262,773
  PhysioMio rows: 44,928

Fitting HGB on GrabMyo envelope features only (zero-shot)...
  fit_time: 30.1s

Evaluating zero-shot on 48 patients...

Wrote /Users/anshshetty/Library/Mobile Documents/com~apple~CloudDocs/ExoHand/analysis/physiomio/results/deployed_pipeline_sim_zeroshot.csv
Wrote /Users/anshshetty/Library/Mobile Documents/com~apple~CloudDocs/ExoHand/analysis/physiomio/results/deployed_pipeline_sim_zeroshot_summary.md

=== RESULT ===
  Zero-shot at envelope pipeline:  0.2580  (n=48)
  Zero-shot at raw 2 kHz (reference): 0.188
  Δ:                                  +0.0700
